
============================================================
  1. PUBLIC ENDPOINTS (no auth required)
============================================================
  [PASS]  /health returns 200
  [FAIL]  /health has security headers
         Detail: headers: {'date': 'Sun, 29 Mar 2026 13:24:18 GMT', 'server': 'uvicorn', 'content-length': '103', 'content-type': 'application/json'}
  [FAIL]  /health has X-Request-ID
         Detail: headers: ['date', 'server', 'content-length', 'content-type']
  [FAIL]  /health has HSTS
  [FAIL]  /health has X-Frame-Options DENY
  [FAIL]  /health has CSP
  [PASS]  /metrics returns 200

============================================================
  2. AUTH ENFORCEMENT (protected endpoints without token)
============================================================
python : Traceback (most 
recent call last):
At line:1 char:1
+ python 
test_security.py > 
test_output.txt 2>&1; 
Get-Content test_outp ...
+ ~~~~~~~~~~~~~~~~~~~~~~~
~~~~~~~~~~~~~~~~~~~~~~~
    + CategoryInfo       
       : NotSpecified: 
(Tra    ceback (most 
recent ca    ll 
last)::String) [],     
RemoteException
    + 
FullyQualifiedErrorI    
d : NativeCommandError
 
  File "C:\Users\Saurav\.
gemini\antigravity\scratc
h\neuroflow\test_security
.py", line 62, in 
<module>
    test(f"{endpoint} 
without token \u2192 
401", r.status_code == 
401,
    ~~~~^^^^^^^^^^^^^^^^^
^^^^^^^^^^^^^^^^^^^^^^^^^
^^^^^^^^^^^^^^^
         f"got 
{r.status_code}: 
{r.text[:100]}")
         ^^^^^^^^^^^^^^^^
^^^^^^^^^^^^^^^^^^^^^^^
  File "C:\Users\Saurav\.
gemini\antigravity\scratc
h\neuroflow\test_security
.py", line 17, in test
    print(f"  {status}  
{name}")
    ~~~~~^^^^^^^^^^^^^^^^
^^^^^^^
  File "C:\Users\Saurav\A
ppData\Local\Programs\Pyt
hon\Python314\Lib\encodin
gs\cp1252.py", line 19, 
in encode
    return codecs.charmap
_encode(input,self.errors
,encoding_table)[0]
           ~~~~~~~~~~~~~~
~~~~~~~^^^^^^^^^^^^^^^^^^
^^^^^^^^^^^^^^^^
UnicodeEncodeError: 
'charmap' codec can't 
encode character 
'\u2192' in position 35: 
character maps to 
<undefined>

During handling of the 
above exception, another 
exception occurred:

Traceback (most recent 
call last):
  File "C:\Users\Saurav\.
gemini\antigravity\scratc
h\neuroflow\test_security
.py", line 65, in 
<module>
    test(f"{endpoint} 
without token \u2192 
401", False, str(e))
    ~~~~^^^^^^^^^^^^^^^^^
^^^^^^^^^^^^^^^^^^^^^^^^^
^^^^^^^^
  File "C:\Users\Saurav\.
gemini\antigravity\scratc
h\neuroflow\test_security
.py", line 17, in test
    print(f"  {status}  
{name}")
    ~~~~~^^^^^^^^^^^^^^^^
^^^^^^^
  File "C:\Users\Saurav\A
ppData\Local\Programs\Pyt
hon\Python314\Lib\encodin
gs\cp1252.py", line 19, 
in encode
    return codecs.charmap
_encode(input,self.errors
,encoding_table)[0]
           ~~~~~~~~~~~~~~
~~~~~~~^^^^^^^^^^^^^^^^^^
^^^^^^^^^^^^^^^^
UnicodeEncodeError: 
'charmap' codec can't 
encode character 
'\u2192' in position 35: 
character maps to 
<undefined>
